// Jest Snapshot v1, https://goo.gl/fbAQLP

exports[`renders correctly 1`] = `
<View
  style={
    Object {
      "flex": 1,
      "marginTop": 20,
    }
  }
>
  <View
    style={
      Object {
        "backgroundColor": "#000",
        "height": 70,
        "paddingLeft": 10,
        "paddingRight": 10,
      }
    }
  >
    <Text
      accessible={true}
      allowFontScaling={true}
      ellipsizeMode="tail"
      style={
        Array [
          Object {
            "color": "#fff",
            "fontSize": 60,
            "fontWeight": "100",
            "lineHeight": 70,
            "textAlign": "right",
          },
          Object {
            "fontSize": 60,
          },
        ]
      }
    >
      0
    </Text>
  </View>
  <View
    style={
      Object {
        "flex": 1,
        "flexDirection": "column",
      }
    }
  >
    <View
      style={
        Object {
          "flex": 1,
          "flexDirection": "row",
        }
      }
    >
      <View
        accessibilityComponentType={undefined}
        accessibilityLabel={undefined}
        accessibilityTraits={undefined}
        accessible={true}
        hasTVPreferredFocus={undefined}
        hitSlop={undefined}
        isTVSelectable={true}
        onLayout={undefined}
        onResponderGrant={[Function]}
        onResponderMove={[Function]}
        onResponderRelease={[Function]}
        onResponderTerminate={[Function]}
        onResponderTerminationRequest={[Function]}
        onStartShouldSetResponder={[Function]}
        style={
          Array [
            Object {
              "backgroundColor": "transparent",
            },
            Object {
              "backgroundColor": "#E0E0E0",
              "borderBottomWidth": 1,
              "borderColor": "#8C8C8C",
              "borderRightWidth": 1,
              "flex": 1,
            },
          ]
        }
        testID={undefined}
        tvParallaxProperties={undefined}
      >
        <View
          style={
            Object {
              "alignItems": "center",
              "flex": 1,
              "justifyContent": "center",
            }
          }
        >
          <Text
            accessible={true}
            allowFontScaling={true}
            ellipsizeMode="tail"
            style={
              Object {
                "color": "#000",
                "fontSize": 26,
              }
            }
          >
             
            C
             
          </Text>
        </View>
      </View>
      <View
        accessibilityComponentType={undefined}
        accessibilityLabel={undefined}
        accessibilityTraits={undefined}
        accessible={true}
        hasTVPreferredFocus={undefined}
        hitSlop={undefined}
        isTVSelectable={true}
        onLayout={undefined}
        onResponderGrant={[Function]}
        onResponderMove={[Function]}
        onResponderRelease={[Function]}
        onResponderTerminate={[Function]}
        onResponderTerminationRequest={[Function]}
        onStartShouldSetResponder={[Function]}
        style={
          Array [
            Object {
              "backgroundColor": "transparent",
            },
            Object {
              "backgroundColor": "#E0E0E0",
              "borderBottomWidth": 1,
              "borderColor": "#8C8C8C",
              "borderRightWidth": 1,
              "flex": 1,
            },
          ]
        }
        testID={undefined}
        tvParallaxProperties={undefined}
      >
        <View
          style={
            Object {
              "alignItems": "center",
              "flex": 1,
              "justifyContent": "center",
            }
          }
        >
          <Text
            accessible={true}
            allowFontScaling={true}
            ellipsizeMode="tail"
            style={
              Object {
                "color": "#000",
                "fontSize": 26,
              }
            }
          >
             
            +/-
             
          </Text>
        </View>
      </View>
      <View
        accessibilityComponentType={undefined}
        accessibilityLabel={undefined}
        accessibilityTraits={undefined}
        accessible={true}
        hasTVPreferredFocus={undefined}
        hitSlop={undefined}
        isTVSelectable={true}
        onLayout={undefined}
        onResponderGrant={[Function]}
        onResponderMove={[Function]}
        onResponderRelease={[Function]}
        onResponderTerminate={[Function]}
        onResponderTerminationRequest={[Function]}
        onStartShouldSetResponder={[Function]}
        style={
          Array [
            Object {
              "backgroundColor": "transparent",
            },
            Object {
              "backgroundColor": "#E0E0E0",
              "borderBottomWidth": 1,
              "borderColor": "#8C8C8C",
              "borderRightWidth": 1,
              "flex": 1,
            },
          ]
        }
        testID={undefined}
        tvParallaxProperties={undefined}
      >
        <View
          style={
            Object {
              "alignItems": "center",
              "flex": 1,
              "justifyContent": "center",
            }
          }
        >
          <Text
            accessible={true}
            allowFontScaling={true}
            ellipsizeMode="tail"
            style={
              Object {
                "color": "#000",
                "fontSize": 26,
              }
            }
          >
             
            %
             
          </Text>
        </View>
      </View>
      <View
        accessibilityComponentType={undefined}
        accessibilityLabel={undefined}
        accessibilityTraits={undefined}
        accessible={true}
        hasTVPreferredFocus={undefined}
        hitSlop={undefined}
        isTVSelectable={true}
        onLayout={undefined}
        onResponderGrant={[Function]}
        onResponderMove={[Function]}
        onResponderRelease={[Function]}
        onResponderTerminate={[Function]}
        onResponderTerminationRequest={[Function]}
        onStartShouldSetResponder={[Function]}
        style={
          Array [
            Object {
              "backgroundColor": "transparent",
            },
            Array [
              Object {
                "backgroundColor": "#E0E0E0",
                "borderBottomWidth": 1,
                "borderColor": "#8C8C8C",
                "borderRightWidth": 1,
                "flex": 1,
              },
              Object {
                "borderRightWidth": 0,
              },
              Object {
                "backgroundColor": "#EF8F3D",
              },
            ],
          ]
        }
        testID={undefined}
        tvParallaxProperties={undefined}
      >
        <View
          style={
            Object {
              "alignItems": "center",
              "flex": 1,
              "justifyContent": "center",
            }
          }
        >
          <Text
            accessible={true}
            allowFontScaling={true}
            ellipsizeMode="tail"
            style={
              Object {
                "color": "#fff",
                "fontSize": 36,
              }
            }
          >
             
            รท
             
          </Text>
        </View>
      </View>
    </View>
    <View
      style={
        Object {
          "flex": 1,
          "flexDirection": "row",
        }
      }
    >
      <View
        accessibilityComponentType={undefined}
        accessibilityLabel={undefined}
        accessibilityTraits={undefined}
        accessible={true}
        hasTVPreferredFocus={undefined}
        hitSlop={undefined}
        isTVSelectable={true}
        onLayout={undefined}
        onResponderGrant={[Function]}
        onResponderMove={[Function]}
        onResponderRelease={[Function]}
        onResponderTerminate={[Function]}
        onResponderTerminationRequest={[Function]}
        onStartShouldSetResponder={[Function]}
        style={
          Array [
            Object {
              "backgroundColor": "transparent",
            },
            Object {
              "backgroundColor": "#E0E0E0",
              "borderBottomWidth": 1,
              "borderColor": "#8C8C8C",
              "borderRightWidth": 1,
              "flex": 1,
            },
          ]
        }
        testID={undefined}
        tvParallaxProperties={undefined}
      >
        <View
          style={
            Object {
              "alignItems": "center",
              "flex": 1,
              "justifyContent": "center",
            }
          }
        >
          <Text
            accessible={true}
            allowFontScaling={true}
            ellipsizeMode="tail"
            style={
              Object {
                "color": "#000",
                "fontSize": 26,
              }
            }
          >
             
            7
             
          </Text>
        </View>
      </View>
      <View
        accessibilityComponentType={undefined}
        accessibilityLabel={undefined}
        accessibilityTraits={undefined}
        accessible={true}
        hasTVPreferredFocus={undefined}
        hitSlop={undefined}
        isTVSelectable={true}
        onLayout={undefined}
        onResponderGrant={[Function]}
        onResponderMove={[Function]}
        onResponderRelease={[Function]}
        onResponderTerminate={[Function]}
        onResponderTerminationRequest={[Function]}
        onStartShouldSetResponder={[Function]}
        style={
          Array [
            Object {
              "backgroundColor": "transparent",
            },
            Object {
              "backgroundColor": "#E0E0E0",
              "borderBottomWidth": 1,
              "borderColor": "#8C8C8C",
              "borderRightWidth": 1,
              "flex": 1,
            },
          ]
        }
        testID={undefined}
        tvParallaxProperties={undefined}
      >
        <View
          style={
            Object {
              "alignItems": "center",
              "flex": 1,
              "justifyContent": "center",
            }
          }
        >
          <Text
            accessible={true}
            allowFontScaling={true}
            ellipsizeMode="tail"
            style={
              Object {
                "color": "#000",
                "fontSize": 26,
              }
            }
          >
             
            8
             
          </Text>
        </View>
      </View>
      <View
        accessibilityComponentType={undefined}
        accessibilityLabel={undefined}
        accessibilityTraits={undefined}
        accessible={true}
        hasTVPreferredFocus={undefined}
        hitSlop={undefined}
        isTVSelectable={true}
        onLayout={undefined}
        onResponderGrant={[Function]}
        onResponderMove={[Function]}
        onResponderRelease={[Function]}
        onResponderTerminate={[Function]}
        onResponderTerminationRequest={[Function]}
        onStartShouldSetResponder={[Function]}
        style={
          Array [
            Object {
              "backgroundColor": "transparent",
            },
            Object {
              "backgroundColor": "#E0E0E0",
              "borderBottomWidth": 1,
              "borderColor": "#8C8C8C",
              "borderRightWidth": 1,
              "flex": 1,
            },
          ]
        }
        testID={undefined}
        tvParallaxProperties={undefined}
      >
        <View
          style={
            Object {
              "alignItems": "center",
              "flex": 1,
              "justifyContent": "center",
            }
          }
        >
          <Text
            accessible={true}
            allowFontScaling={true}
            ellipsizeMode="tail"
            style={
              Object {
                "color": "#000",
                "fontSize": 26,
              }
            }
          >
             
            9
             
          </Text>
        </View>
      </View>
      <View
        accessibilityComponentType={undefined}
        accessibilityLabel={undefined}
        accessibilityTraits={undefined}
        accessible={true}
        hasTVPreferredFocus={undefined}
        hitSlop={undefined}
        isTVSelectable={true}
        onLayout={undefined}
        onResponderGrant={[Function]}
        onResponderMove={[Function]}
        onResponderRelease={[Function]}
        onResponderTerminate={[Function]}
        onResponderTerminationRequest={[Function]}
        onStartShouldSetResponder={[Function]}
        style={
          Array [
            Object {
              "backgroundColor": "transparent",
            },
            Array [
              Object {
                "backgroundColor": "#E0E0E0",
                "borderBottomWidth": 1,
                "borderColor": "#8C8C8C",
                "borderRightWidth": 1,
                "flex": 1,
              },
              Object {
                "borderRightWidth": 0,
              },
              Object {
                "backgroundColor": "#EF8F3D",
              },
            ],
          ]
        }
        testID={undefined}
        tvParallaxProperties={undefined}
      >
        <View
          style={
            Object {
              "alignItems": "center",
              "flex": 1,
              "justifyContent": "center",
            }
          }
        >
          <Text
            accessible={true}
            allowFontScaling={true}
            ellipsizeMode="tail"
            style={
              Object {
                "color": "#fff",
                "fontSize": 36,
              }
            }
          >
             
            ร
             
          </Text>
        </View>
      </View>
    </View>
    <View
      style={
        Object {
          "flex": 1,
          "flexDirection": "row",
        }
      }
    >
      <View
        accessibilityComponentType={undefined}
        accessibilityLabel={undefined}
        accessibilityTraits={undefined}
        accessible={true}
        hasTVPreferredFocus={undefined}
        hitSlop={undefined}
        isTVSelectable={true}
        onLayout={undefined}
        onResponderGrant={[Function]}
        onResponderMove={[Function]}
        onResponderRelease={[Function]}
        onResponderTerminate={[Function]}
        onResponderTerminationRequest={[Function]}
        onStartShouldSetResponder={[Function]}
        style={
          Array [
            Object {
              "backgroundColor": "transparent",
            },
            Object {
              "backgroundColor": "#E0E0E0",
              "borderBottomWidth": 1,
              "borderColor": "#8C8C8C",
              "borderRightWidth": 1,
              "flex": 1,
            },
          ]
        }
        testID={undefined}
        tvParallaxProperties={undefined}
      >
        <View
          style={
            Object {
              "alignItems": "center",
              "flex": 1,
              "justifyContent": "center",
            }
          }
        >
          <Text
            accessible={true}
            allowFontScaling={true}
            ellipsizeMode="tail"
            style={
              Object {
                "color": "#000",
                "fontSize": 26,
              }
            }
          >
             
            4
             
          </Text>
        </View>
      </View>
      <View
        accessibilityComponentType={undefined}
        accessibilityLabel={undefined}
        accessibilityTraits={undefined}
        accessible={true}
        hasTVPreferredFocus={undefined}
        hitSlop={undefined}
        isTVSelectable={true}
        onLayout={undefined}
        onResponderGrant={[Function]}
        onResponderMove={[Function]}
        onResponderRelease={[Function]}
        onResponderTerminate={[Function]}
        onResponderTerminationRequest={[Function]}
        onStartShouldSetResponder={[Function]}
        style={
          Array [
            Object {
              "backgroundColor": "transparent",
            },
            Object {
              "backgroundColor": "#E0E0E0",
              "borderBottomWidth": 1,
              "borderColor": "#8C8C8C",
              "borderRightWidth": 1,
              "flex": 1,
            },
          ]
        }
        testID={undefined}
        tvParallaxProperties={undefined}
      >
        <View
          style={
            Object {
              "alignItems": "center",
              "flex": 1,
              "justifyContent": "center",
            }
          }
        >
          <Text
            accessible={true}
            allowFontScaling={true}
            ellipsizeMode="tail"
            style={
              Object {
                "color": "#000",
                "fontSize": 26,
              }
            }
          >
             
            5
             
          </Text>
        </View>
      </View>
      <View
        accessibilityComponentType={undefined}
        accessibilityLabel={undefined}
        accessibilityTraits={undefined}
        accessible={true}
        hasTVPreferredFocus={undefined}
        hitSlop={undefined}
        isTVSelectable={true}
        onLayout={undefined}
        onResponderGrant={[Function]}
        onResponderMove={[Function]}
        onResponderRelease={[Function]}
        onResponderTerminate={[Function]}
        onResponderTerminationRequest={[Function]}
        onStartShouldSetResponder={[Function]}
        style={
          Array [
            Object {
              "backgroundColor": "transparent",
            },
            Object {
              "backgroundColor": "#E0E0E0",
              "borderBottomWidth": 1,
              "borderColor": "#8C8C8C",
              "borderRightWidth": 1,
              "flex": 1,
            },
          ]
        }
        testID={undefined}
        tvParallaxProperties={undefined}
      >
        <View
          style={
            Object {
              "alignItems": "center",
              "flex": 1,
              "justifyContent": "center",
            }
          }
        >
          <Text
            accessible={true}
            allowFontScaling={true}
            ellipsizeMode="tail"
            style={
              Object {
                "color": "#000",
                "fontSize": 26,
              }
            }
          >
             
            6
             
          </Text>
        </View>
      </View>
      <View
        accessibilityComponentType={undefined}
        accessibilityLabel={undefined}
        accessibilityTraits={undefined}
        accessible={true}
        hasTVPreferredFocus={undefined}
        hitSlop={undefined}
        isTVSelectable={true}
        onLayout={undefined}
        onResponderGrant={[Function]}
        onResponderMove={[Function]}
        onResponderRelease={[Function]}
        onResponderTerminate={[Function]}
        onResponderTerminationRequest={[Function]}
        onStartShouldSetResponder={[Function]}
        style={
          Array [
            Object {
              "backgroundColor": "transparent",
            },
            Array [
              Object {
                "backgroundColor": "#E0E0E0",
                "borderBottomWidth": 1,
                "borderColor": "#8C8C8C",
                "borderRightWidth": 1,
                "flex": 1,
              },
              Object {
                "borderRightWidth": 0,
              },
              Object {
                "backgroundColor": "#EF8F3D",
              },
            ],
          ]
        }
        testID={undefined}
        tvParallaxProperties={undefined}
      >
        <View
          style={
            Object {
              "alignItems": "center",
              "flex": 1,
              "justifyContent": "center",
            }
          }
        >
          <Text
            accessible={true}
            allowFontScaling={true}
            ellipsizeMode="tail"
            style={
              Object {
                "color": "#fff",
                "fontSize": 36,
              }
            }
          >
             
            โ
             
          </Text>
        </View>
      </View>
    </View>
    <View
      style={
        Object {
          "flex": 1,
          "flexDirection": "row",
        }
      }
    >
      <View
        accessibilityComponentType={undefined}
        accessibilityLabel={undefined}
        accessibilityTraits={undefined}
        accessible={true}
        hasTVPreferredFocus={undefined}
        hitSlop={undefined}
        isTVSelectable={true}
        onLayout={undefined}
        onResponderGrant={[Function]}
        onResponderMove={[Function]}
        onResponderRelease={[Function]}
        onResponderTerminate={[Function]}
        onResponderTerminationRequest={[Function]}
        onStartShouldSetResponder={[Function]}
        style={
          Array [
            Object {
              "backgroundColor": "transparent",
            },
            Object {
              "backgroundColor": "#E0E0E0",
              "borderBottomWidth": 1,
              "borderColor": "#8C8C8C",
              "borderRightWidth": 1,
              "flex": 1,
            },
          ]
        }
        testID={undefined}
        tvParallaxProperties={undefined}
      >
        <View
          style={
            Object {
              "alignItems": "center",
              "flex": 1,
              "justifyContent": "center",
            }
          }
        >
          <Text
            accessible={true}
            allowFontScaling={true}
            ellipsizeMode="tail"
            style={
              Object {
                "color": "#000",
                "fontSize": 26,
              }
            }
          >
             
            1
             
          </Text>
        </View>
      </View>
      <View
        accessibilityComponentType={undefined}
        accessibilityLabel={undefined}
        accessibilityTraits={undefined}
        accessible={true}
        hasTVPreferredFocus={undefined}
        hitSlop={undefined}
        isTVSelectable={true}
        onLayout={undefined}
        onResponderGrant={[Function]}
        onResponderMove={[Function]}
        onResponderRelease={[Function]}
        onResponderTerminate={[Function]}
        onResponderTerminationRequest={[Function]}
        onStartShouldSetResponder={[Function]}
        style={
          Array [
            Object {
              "backgroundColor": "transparent",
            },
            Object {
              "backgroundColor": "#E0E0E0",
              "borderBottomWidth": 1,
              "borderColor": "#8C8C8C",
              "borderRightWidth": 1,
              "flex": 1,
            },
          ]
        }
        testID={undefined}
        tvParallaxProperties={undefined}
      >
        <View
          style={
            Object {
              "alignItems": "center",
              "flex": 1,
              "justifyContent": "center",
            }
          }
        >
          <Text
            accessible={true}
            allowFontScaling={true}
            ellipsizeMode="tail"
            style={
              Object {
                "color": "#000",
                "fontSize": 26,
              }
            }
          >
             
            2
             
          </Text>
        </View>
      </View>
      <View
        accessibilityComponentType={undefined}
        accessibilityLabel={undefined}
        accessibilityTraits={undefined}
        accessible={true}
        hasTVPreferredFocus={undefined}
        hitSlop={undefined}
        isTVSelectable={true}
        onLayout={undefined}
        onResponderGrant={[Function]}
        onResponderMove={[Function]}
        onResponderRelease={[Function]}
        onResponderTerminate={[Function]}
        onResponderTerminationRequest={[Function]}
        onStartShouldSetResponder={[Function]}
        style={
          Array [
            Object {
              "backgroundColor": "transparent",
            },
            Object {
              "backgroundColor": "#E0E0E0",
              "borderBottomWidth": 1,
              "borderColor": "#8C8C8C",
              "borderRightWidth": 1,
              "flex": 1,
            },
          ]
        }
        testID={undefined}
        tvParallaxProperties={undefined}
      >
        <View
          style={
            Object {
              "alignItems": "center",
              "flex": 1,
              "justifyContent": "center",
            }
          }
        >
          <Text
            accessible={true}
            allowFontScaling={true}
            ellipsizeMode="tail"
            style={
              Object {
                "color": "#000",
                "fontSize": 26,
              }
            }
          >
             
            3
             
          </Text>
        </View>
      </View>
      <View
        accessibilityComponentType={undefined}
        accessibilityLabel={undefined}
        accessibilityTraits={undefined}
        accessible={true}
        hasTVPreferredFocus={undefined}
        hitSlop={undefined}
        isTVSelectable={true}
        onLayout={undefined}
        onResponderGrant={[Function]}
        onResponderMove={[Function]}
        onResponderRelease={[Function]}
        onResponderTerminate={[Function]}
        onResponderTerminationRequest={[Function]}
        onStartShouldSetResponder={[Function]}
        style={
          Array [
            Object {
              "backgroundColor": "transparent",
            },
            Array [
              Object {
                "backgroundColor": "#E0E0E0",
                "borderBottomWidth": 1,
                "borderColor": "#8C8C8C",
                "borderRightWidth": 1,
                "flex": 1,
              },
              Object {
                "borderRightWidth": 0,
              },
              Object {
                "backgroundColor": "#EF8F3D",
              },
            ],
          ]
        }
        testID={undefined}
        tvParallaxProperties={undefined}
      >
        <View
          style={
            Object {
              "alignItems": "center",
              "flex": 1,
              "justifyContent": "center",
            }
          }
        >
          <Text
            accessible={true}
            allowFontScaling={true}
            ellipsizeMode="tail"
            style={
              Object {
                "color": "#fff",
                "fontSize": 36,
              }
            }
          >
             
            +
             
          </Text>
        </View>
      </View>
    </View>
    <View
      style={
        Object {
          "flex": 1,
          "flexDirection": "row",
        }
      }
    >
      <View
        accessibilityComponentType={undefined}
        accessibilityLabel={undefined}
        accessibilityTraits={undefined}
        accessible={true}
        hasTVPreferredFocus={undefined}
        hitSlop={undefined}
        isTVSelectable={true}
        onLayout={undefined}
        onResponderGrant={[Function]}
        onResponderMove={[Function]}
        onResponderRelease={[Function]}
        onResponderTerminate={[Function]}
        onResponderTerminationRequest={[Function]}
        onStartShouldSetResponder={[Function]}
        style={
          Array [
            Object {
              "backgroundColor": "transparent",
            },
            Array [
              Object {
                "backgroundColor": "#E0E0E0",
                "borderBottomWidth": 1,
                "borderColor": "#8C8C8C",
                "borderRightWidth": 1,
                "flex": 1,
              },
              Object {
                "flex": 2,
                "paddingRight": 1,
              },
              Object {
                "borderBottomWidth": 0,
              },
            ],
          ]
        }
        testID={undefined}
        tvParallaxProperties={undefined}
      >
        <View
          style={
            Object {
              "alignItems": "center",
              "flex": 1,
              "justifyContent": "center",
            }
          }
        >
          <Text
            accessible={true}
            allowFontScaling={true}
            ellipsizeMode="tail"
            style={
              Object {
                "color": "#000",
                "fontSize": 26,
              }
            }
          >
             
            0
             
          </Text>
        </View>
      </View>
      <View
        accessibilityComponentType={undefined}
        accessibilityLabel={undefined}
        accessibilityTraits={undefined}
        accessible={true}
        hasTVPreferredFocus={undefined}
        hitSlop={undefined}
        isTVSelectable={true}
        onLayout={undefined}
        onResponderGrant={[Function]}
        onResponderMove={[Function]}
        onResponderRelease={[Function]}
        onResponderTerminate={[Function]}
        onResponderTerminationRequest={[Function]}
        onStartShouldSetResponder={[Function]}
        style={
          Array [
            Object {
              "backgroundColor": "transparent",
            },
            Array [
              Object {
                "backgroundColor": "#E0E0E0",
                "borderBottomWidth": 1,
                "borderColor": "#8C8C8C",
                "borderRightWidth": 1,
                "flex": 1,
              },
              Object {
                "borderBottomWidth": 0,
              },
            ],
          ]
        }
        testID={undefined}
        tvParallaxProperties={undefined}
      >
        <View
          style={
            Object {
              "alignItems": "center",
              "flex": 1,
              "justifyContent": "center",
            }
          }
        >
          <Text
            accessible={true}
            allowFontScaling={true}
            ellipsizeMode="tail"
            style={
              Object {
                "color": "#000",
                "fontSize": 26,
              }
            }
          >
             
            .
             
          </Text>
        </View>
      </View>
      <View
        accessibilityComponentType={undefined}
        accessibilityLabel={undefined}
        accessibilityTraits={undefined}
        accessible={true}
        hasTVPreferredFocus={undefined}
        hitSlop={undefined}
        isTVSelectable={true}
        onLayout={undefined}
        onResponderGrant={[Function]}
        onResponderMove={[Function]}
        onResponderRelease={[Function]}
        onResponderTerminate={[Function]}
        onResponderTerminationRequest={[Function]}
        onStartShouldSetResponder={[Function]}
        style={
          Array [
            Object {
              "backgroundColor": "transparent",
            },
            Array [
              Object {
                "backgroundColor": "#E0E0E0",
                "borderBottomWidth": 1,
                "borderColor": "#8C8C8C",
                "borderRightWidth": 1,
                "flex": 1,
              },
              Object {
                "borderRightWidth": 0,
              },
              Object {
                "borderBottomWidth": 0,
              },
              Object {
                "backgroundColor": "#EF8F3D",
              },
            ],
          ]
        }
        testID={undefined}
        tvParallaxProperties={undefined}
      >
        <View
          style={
            Object {
              "alignItems": "center",
              "flex": 1,
              "justifyContent": "center",
            }
          }
        >
          <Text
            accessible={true}
            allowFontScaling={true}
            ellipsizeMode="tail"
            style={
              Object {
                "color": "#fff",
                "fontSize": 36,
              }
            }
          >
             
            =
             
          </Text>
        </View>
      </View>
    </View>
  </View>
</View>
`;
